// Jest Snapshot v1, https://goo.gl/fbAQLP

exports[`App js testing Renders App 1`] = `
Object {
  "asFragment": [Function],
  "baseElement": <body>
    <div>
      <nav
        class="navigation-bar"
      >
        <ul
          class="navigation-ul"
        >
          <li>
            <a
              aria-current="page"
              class="home-link active"
              href="/"
            >
              HOME
            </a>
          </li>
        </ul>
        <img
          alt="marvel-logo"
          class="nav-logo"
          src="MarvelStudios.png"
        />
      </nav>
      <main
        class="main-section"
      >
        <div>
          <div
            class="characters-section"
          >
            <div
              class="marvel-characters-title"
            >
              <img
                alt="marvel-heros"
                class="marvel-characters-image"
                src="marvelImage.jpg"
              />
              <div
                class="marvel-characters-text"
              >
                <p
                  class="characters-text"
                >
                  CHARACTERS
                </p>
                <p
                  class="characters-counter"
                >
                  (1562)
                </p>
              </div>
            </div>
            <div
              class="testing"
            >
              <div
                class="marvel-characters"
              >
                <div
                  class="character-title"
                >
                  <div
                    class="search"
                  >
                    <form>
                      <input
                        class="form-control"
                        placeholder="ðŸ”ŽSearch Heros"
                        type="text"
                        value=""
                      />
                    </form>
                  </div>
                </div>
                <div
                  class="loading"
                >
                  Loading...
                </div>
              </div>
            </div>
          </div>
        </div>
      </main>
    </div>
  </body>,
  "container": <div>
    <nav
      class="navigation-bar"
    >
      <ul
        class="navigation-ul"
      >
        <li>
          <a
            aria-current="page"
            class="home-link active"
            href="/"
          >
            HOME
          </a>
        </li>
      </ul>
      <img
        alt="marvel-logo"
        class="nav-logo"
        src="MarvelStudios.png"
      />
    </nav>
    <main
      class="main-section"
    >
      <div>
        <div
          class="characters-section"
        >
          <div
            class="marvel-characters-title"
          >
            <img
              alt="marvel-heros"
              class="marvel-characters-image"
              src="marvelImage.jpg"
            />
            <div
              class="marvel-characters-text"
            >
              <p
                class="characters-text"
              >
                CHARACTERS
              </p>
              <p
                class="characters-counter"
              >
                (1562)
              </p>
            </div>
          </div>
          <div
            class="testing"
          >
            <div
              class="marvel-characters"
            >
              <div
                class="character-title"
              >
                <div
                  class="search"
                >
                  <form>
                    <input
                      class="form-control"
                      placeholder="ðŸ”ŽSearch Heros"
                      type="text"
                      value=""
                    />
                  </form>
                </div>
              </div>
              <div
                class="loading"
              >
                Loading...
              </div>
            </div>
          </div>
        </div>
      </div>
    </main>
  </div>,
  "debug": [Function],
  "findAllByAltText": [Function],
  "findAllByDisplayValue": [Function],
  "findAllByLabelText": [Function],
  "findAllByPlaceholderText": [Function],
  "findAllByRole": [Function],
  "findAllByTestId": [Function],
  "findAllByText": [Function],
  "findAllByTitle": [Function],
  "findByAltText": [Function],
  "findByDisplayValue": [Function],
  "findByLabelText": [Function],
  "findByPlaceholderText": [Function],
  "findByRole": [Function],
  "findByTestId": [Function],
  "findByText": [Function],
  "findByTitle": [Function],
  "getAllByAltText": [Function],
  "getAllByDisplayValue": [Function],
  "getAllByLabelText": [Function],
  "getAllByPlaceholderText": [Function],
  "getAllByRole": [Function],
  "getAllByTestId": [Function],
  "getAllByText": [Function],
  "getAllByTitle": [Function],
  "getByAltText": [Function],
  "getByDisplayValue": [Function],
  "getByLabelText": [Function],
  "getByPlaceholderText": [Function],
  "getByRole": [Function],
  "getByTestId": [Function],
  "getByText": [Function],
  "getByTitle": [Function],
  "queryAllByAltText": [Function],
  "queryAllByDisplayValue": [Function],
  "queryAllByLabelText": [Function],
  "queryAllByPlaceholderText": [Function],
  "queryAllByRole": [Function],
  "queryAllByTestId": [Function],
  "queryAllByText": [Function],
  "queryAllByTitle": [Function],
  "queryByAltText": [Function],
  "queryByDisplayValue": [Function],
  "queryByLabelText": [Function],
  "queryByPlaceholderText": [Function],
  "queryByRole": [Function],
  "queryByTestId": [Function],
  "queryByText": [Function],
  "queryByTitle": [Function],
  "rerender": [Function],
  "unmount": [Function],
}
`;
